===== .want-study/manifest.json =====
{
  "formatVersion": 1,
  "studyId": "study-id",
  "studyRevision": 42,
  "files": [
    {
      "path": "README.md",
      "sha256": "9ede69a2e0cda5ebf1a439bf595983a9b29dfcd1cecfec776fb8e1dbcd70b77d"
    },
    {
      "path": "concept/README.md",
      "sha256": "63a420c52bb0fdbfa1ae838be0b037e977237e5a017efff697fa803cd4996d6e"
    },
    {
      "path": "concept/move.md",
      "sha256": "7d160b0894314840c0f38fdaddff8e44e614088526906386f705c550a47e49b1"
    },
    {
      "path": "concept/raii.md",
      "sha256": "3a7db690b7c07605963f61e9d8608c2465974b2b49476605b018e92d22cabd2e"
    },
    {
      "path": "source/cpp-book/README.md",
      "sha256": "bbe0007ac9bf6f54d0220c8927ea969af1a1a0e096812c83d8fbb7e39b5766f1"
    },
    {
      "path": "source/cpp-book/lesson/chapter-1/README.md",
      "sha256": "e8b8684e6e764e52bd6cf2f6182851b5d6348bc7f35a2b749bc8054b362e7b78"
    },
    {
      "path": "source/stepik-cpp/README.md",
      "sha256": "2f53631ecfb5cf5831f50d48fcee4daa6fcd081543ba86a45bb37e4067911b01"
    },
    {
      "path": "source/stepik-cpp/lesson/ownership/README.md",
      "sha256": "8085c1d08c0b8ab5beca6d34e2d71ba85fee504a66f58d93923249463c526505"
    },
    {
      "path": "source/stepik-cpp/lesson/ownership/file/notes/read me.txt",
      "sha256": "5783ccdcd29a0613a00e4780f78ec7894893f112cb4245b632bc4f8b1db8d371"
    },
    {
      "path": "source/stepik-cpp/lesson/ownership/file/solution/main.cpp",
      "sha256": "bc8bb8e433bf65214540115414c821c904b2a30d60a3ac0424bf9b77a00024b7"
    },
    {
      "path": "source/stepik-cpp/lesson/practice/README.md",
      "sha256": "875f32af2bc1936cd49189be11d7bbf824cf1922c64040519b0ef54ba6c89645"
    },
    {
      "path": "source/stepik-cpp/lesson/setup/README.md",
      "sha256": "9f0b23b0a7acea8a2ac157557e82406c92f230fdb75394783bb97714eaaddacd"
    }
  ]
}

===== README.md =====
# 📚 C \| C++ \[курс\]

> [!NOTE]
> **Learning goal**
>
> Разобраться в системном программировании.
>
> Собрать учебный проект.

## 📈 Progress

| Area | Completed | Result |
| :-- | --: | --: |
| 📖 Lessons | 1 of 4 | **25%** |
| ✅ Homework | 1 of 2 | **50%** |

## 🧭 Lesson status

| 🗓️ Planned | 📖 Studying | 🧩 Homework | ✅ Mastered |
| --: | --: | --: | --: |
| 1 | 1 | 1 | 1 |

## 🎓 Sources

| Source | Type | Lessons | Mastered |
| :-- | :-- | --: | --: |
| [Stepik \| Системный C++](source/stepik-cpp/README.md) | Course | 3 | 0 |
| [Книга \[C++\]](source/cpp-book/README.md) | Book | 1 | 1 |

[🧠 Open concept map](concept/README.md)

===== concept/README.md =====
[← Back to study](../README.md)

# 🧠 Concepts

**Total:** 2

| Concept | Aliases |
| :-- | :-- |
| [Move \[semantics\]](move.md) | — |
| [RAII \| владение](raii.md) | Resource Acquisition, Управление \| ресурсом |

===== concept/move.md =====
[← All concepts](README.md) · [Back to study](../README.md)

# 🧠 Move \[semantics\]

> No description yet.

## 🔗 Relations

### Depends on

- [RAII \| владение](raii.md)

## 📍 Mentioned in

- [Владение \| ресурсами](../source/stepik-cpp/lesson/ownership/README.md)

===== concept/raii.md =====
[← All concepts](README.md) · [Back to study](../README.md)

# 🧠 RAII \| владение

> **Also known as:** Resource Acquisition, Управление \| ресурсом

Ресурс живёт столько же, сколько владеющий объект.

## 🔗 Relations

### Prerequisite for

- [Move \[semantics\]](move.md)

## 📍 Mentioned in

- [Владение \| ресурсами](../source/stepik-cpp/lesson/ownership/README.md)

===== source/cpp-book/README.md =====
[← Back to study](../../README.md)

# 🎓 Книга \[C++\]

> Book · **Address:** `legacy address`

## 📊 Progress

**Lessons mastered:** 1 / 1 · **Progress:** 100%

## 📑 Curriculum

### Uncategorized

| Position | Lesson | Status |
| :-- | :-- | :-- |
| — | [Глава 1](lesson/chapter-1/README.md) | ✅ Mastered |


===== source/cpp-book/lesson/chapter-1/README.md =====
[← Книга \[C++\]](../../README.md) · [Back to study](../../../../README.md)

# 📝 Глава 1

> ✅ Mastered · **Started:** 12 Sep 2026 · **Mastered:** 13 Sep 2026 · **Address:** `legacy address`

## ✍️ Notes

> No notes yet.


===== source/stepik-cpp/README.md =====
[← Back to study](../../README.md)

# 🎓 Stepik \| Системный C++

> Course · **Author:** Сергей \[Автор\] · [Open source ↗](<https://example.com/course>)

## 📊 Progress

**Lessons mastered:** 0 / 3 · **Progress:** 0%

## 📑 Curriculum

### Основы \| владение

| Position | Lesson | Status |
| :-- | :-- | :-- |
| 1.1 | [Подготовка \[среды\]](lesson/setup/README.md) | 🗓️ Planned |
| 1.2 | [Владение \| ресурсами](lesson/ownership/README.md) | 📖 Studying |

### Практика

| Position | Lesson | Status |
| :-- | :-- | :-- |
| 1.3 | [Практическая работа](lesson/practice/README.md) | 🧩 Homework |


===== source/stepik-cpp/lesson/ownership/README.md =====
[← Stepik \| Системный C++](../../README.md) · [Back to study](../../../../README.md)

# 📝 Владение \| ресурсами

> 📖 Studying · **Position:** 1.2 · **Started:** 12 Sep 2026 · [Open lesson ↗](<https://example.com/lesson?q=c%2B%2B>)

## ✍️ Notes

Короткое введение с **акцентом**.

### 📘 Definition

**RAII** связывает ресурс со временем жизни объекта.

### 💡 Claim

Перемещение передаёт владение без копирования.

### 💬 Quote

> Владение должно быть очевидным.

### 🧪 Example

```cpp
auto value = std::make_unique<int>(42);
```

> **Block source** · **Position:** 12:30 · [Open source ↗](<https://example.com/video?t=750>)

### ❓ Question

Когда нужен `std::move`?

> **Block source** · **Address:** `legacy address`

### 🧭 Summary

Ресурс имеет одного явного владельца.

## ✅ Homework

**Tasks completed:** 1 / 2

### ✅ Task 1

**Due:** 14 Sep 2026

Реализовать `Owner<T>`:

- запретить копирование;
- добавить перемещение.

<details>
<summary><strong>Show solution</strong></summary>

```cpp
Owner(Owner&&) = default;
```

</details>

### ⬜ Task 2

Объяснить правило пяти.

## 💻 Files

| File | Language | Linked to |
| :-- | :-- | :-- |
| [solution/main.cpp](file/solution/main.cpp) | cpp | Task 1 |
| [notes/read me.txt](file/notes/read%20me.txt) | text | Lesson |

## 🧠 Concepts

- [Move \[semantics\]](../../../../concept/move.md)
- [RAII \| владение](../../../../concept/raii.md)

===== source/stepik-cpp/lesson/ownership/file/notes/read me.txt =====
ownership notes

===== source/stepik-cpp/lesson/ownership/file/solution/main.cpp =====
int main() {}

===== source/stepik-cpp/lesson/practice/README.md =====
[← Stepik \| Системный C++](../../README.md) · [Back to study](../../../../README.md)

# 📝 Практическая работа

> 🧩 Homework · **Position:** 1.3

## ✍️ Notes

> No notes yet.


===== source/stepik-cpp/lesson/setup/README.md =====
[← Stepik \| Системный C++](../../README.md) · [Back to study](../../../../README.md)

# 📝 Подготовка \[среды\]

> 🗓️ Planned · **Position:** 1.1

## ✍️ Notes

> No notes yet.
